// Jest Snapshot v1, https://goo.gl/fbAQLP

exports[`<ResetUserPassword /> renders and matches snapshot 1`] = `
<form
  className="sc-bdVaJa cgcGkz"
  method="post"
  onSubmit={[Function]}
>
  <fieldset
    aria-busy={false}
    disabled={false}
  >
    <ErrorMessage
      error={Object {}}
    />
    <h2>
      Reset your password
    </h2>
    <label
      htmlFor="password"
    >
      Password
      <input
        name="password"
        onChange={[Function]}
        type="password"
        value=""
      />
    </label>
    <label
      htmlFor="confirmPassword"
    >
      Confirm Password
      <input
        name="confirmPassword"
        onChange={[Function]}
        type="password"
        value=""
      />
    </label>
    <button
      type="submit"
    >
      Reset password!x
    </button>
  </fieldset>
</form>
`;
