// Jest Snapshot v1, https://goo.gl/fbAQLP

exports[`<Pagination /> matches snapshot 1`] = `
<p>
  Loading...
</p>
`;

exports[`<Pagination /> matches snapshot 2`] = `
Array [
  <Link
    href={
      Object {
        "pathname": "shop",
        "query": Object {
          "page": 4,
        },
      }
    }
  >
    <a
      aria-disabled={false}
      className="prev"
      href="shop?page=4"
      onClick={[Function]}
      onMouseEnter={[Function]}
    >
      ← Prev
    </a>
  </Link>,
  <Link
    href={
      Object {
        "pathname": "shop",
        "query": Object {
          "page": 6,
        },
      }
    }
  >
    <a
      aria-disabled={true}
      className="next"
      href="shop?page=6"
      onClick={[Function]}
      onMouseEnter={[Function]}
    >
      Next →
    </a>
  </Link>,
]
`;

exports[`<Pagination /> matches snapshot 3`] = `
<Head>
  <Component
    handleStateChange={null}
    inAmpMode={false}
    reduceComponentsToState={[Function]}
  />
</Head>
`;
